<?xml version="1.0" encoding="UTF-8"?>
<testsuites>
    <testsuite name="test-partners-tab;create-new-partner" tests="3" failures="0" skipped="0">
        <properties>
            <property name="@partner" value="true">
            </property>
            <property name="URI" value="D:/Cucumber/try3/features/partners_test.feature">
            </property>
        </properties>
        <testcase name="When I open Add Partner form and fill in all field" classname="test-partners-tab;create-new-partner" time="1.46040226">
        </testcase>
        <testcase name="Then I should see created partner" classname="test-partners-tab;create-new-partner" time="0.808943835">
        </testcase>
        <testcase name="And I delete created partner with API" classname="test-partners-tab;create-new-partner" time="0.20168084">
        </testcase>
    </testsuite>
    <testsuite name="test-partners-tab;edit-created-partner" tests="4" failures="0" skipped="0">
        <properties>
            <property name="@partner" value="true">
            </property>
            <property name="URI" value="D:/Cucumber/try3/features/partners_test.feature">
            </property>
        </properties>
        <testcase name="Given I have created partner with API" classname="test-partners-tab;edit-created-partner" time="0.000617874">
        </testcase>
        <testcase name="When I edit partner&apos;s info" classname="test-partners-tab;edit-created-partner" time="1.86364752">
        </testcase>
        <testcase name="Then I should see edited partner with new data" classname="test-partners-tab;edit-created-partner" time="0.824271916">
        </testcase>
        <testcase name="And I delete created partner with API" classname="test-partners-tab;edit-created-partner" time="0.240720381">
        </testcase>
    </testsuite>
    <testsuite name="test-partners-tab;copy-created-partner" tests="5" failures="0" skipped="0">
        <properties>
            <property name="@partner" value="true">
            </property>
            <property name="URI" value="D:/Cucumber/try3/features/partners_test.feature">
            </property>
        </properties>
        <testcase name="Given I have created partner with API" classname="test-partners-tab;copy-created-partner" time="0.002554191">
        </testcase>
        <testcase name="When I click copy and see Edit form" classname="test-partners-tab;copy-created-partner" time="1.488990438">
        </testcase>
        <testcase name="Then I save changes" classname="test-partners-tab;copy-created-partner" time="0.000251313">
        </testcase>
        <testcase name="And I should see copied partner" classname="test-partners-tab;copy-created-partner" time="0.775747555">
        </testcase>
        <testcase name="And I delete created partner with API" classname="test-partners-tab;copy-created-partner" time="0.241461126">
        </testcase>
    </testsuite>
    <testsuite name="test-partners-tab;delete-created-partner" tests="3" failures="0" skipped="0">
        <properties>
            <property name="@partner" value="true">
            </property>
            <property name="URI" value="D:/Cucumber/try3/features/partners_test.feature">
            </property>
        </properties>
        <testcase name="Given I have created partner with API" classname="test-partners-tab;delete-created-partner" time="0.000538403">
        </testcase>
        <testcase name="When I choose delete created partner" classname="test-partners-tab;delete-created-partner" time="2.597869963">
        </testcase>
        <testcase name="Then I shouldn&apos;t see deleted partner" classname="test-partners-tab;delete-created-partner" time="0.693104944">
        </testcase>
    </testsuite>
</testsuites>